// Jest Snapshot v1, https://goo.gl/fbAQLP

exports[`expect to render app component 1`] = `
<div
  className="app"
>
  <h1>
    Welcome to React Application diperbaharui lagi
  </h1>
  <img
    alt=""
    src="test-file-stub"
  />
</div>
`;
